AR instructionmemory arqinstructionmemory C:/Users/Vanessa/Desktop/ArquitecturaComputadores/monociclo/IM.vhd sub00/vhpl07 1461719514
EN adder NULL C:/Users/Vanessa/Desktop/ArquitecturaComputadores/monociclo/ADDER.vhd sub00/vhpl02 1461719507
AR mux behavioral C:/Users/Vanessa/Desktop/ArquitecturaComputadores/monociclo/MUX.vhd sub00/vhpl13 1461719522
AR moduloprincipal behavioral C:/Users/Vanessa/Desktop/ArquitecturaComputadores/monociclo/moduloprincipal.vhd sub00/vhpl19 1461719526
EN seu NULL C:/Users/Vanessa/Desktop/ArquitecturaComputadores/monociclo/SEU.vhd sub00/vhpl08 1461719517
EN cu NULL C:/Users/Vanessa/Desktop/ArquitecturaComputadores/monociclo/CU.vhd sub00/vhpl10 1461719519
AR npc behavioral C:/Users/Vanessa/Desktop/ArquitecturaComputadores/monociclo/NPC.vhd sub00/vhpl05 1461719510
AR seu behavioral C:/Users/Vanessa/Desktop/ArquitecturaComputadores/monociclo/SEU.vhd sub00/vhpl09 1461719518
EN pc NULL C:/Users/Vanessa/Desktop/ArquitecturaComputadores/monociclo/PC.vhd sub00/vhpl00 1461719511
EN moduloprincipal NULL C:/Users/Vanessa/Desktop/ArquitecturaComputadores/monociclo/moduloprincipal.vhd sub00/vhpl16 1461719525
EN instructionmemory NULL C:/Users/Vanessa/Desktop/ArquitecturaComputadores/monociclo/IM.vhd sub00/vhpl06 1461719513
EN npc NULL C:/Users/Vanessa/Desktop/ArquitecturaComputadores/monociclo/NPC.vhd sub00/vhpl04 1461719509
AR adder behavioral C:/Users/Vanessa/Desktop/ArquitecturaComputadores/monociclo/ADDER.vhd sub00/vhpl03 1461719508
EN mux NULL C:/Users/Vanessa/Desktop/ArquitecturaComputadores/monociclo/MUX.vhd sub00/vhpl12 1461719521
AR alu behavioral C:/Users/Vanessa/Desktop/ArquitecturaComputadores/monociclo/ALU.vhd sub00/vhpl15 1461719524
AR registerfile behavioral C:/Users/Vanessa/Desktop/ArquitecturaComputadores/monociclo/RF.vhd sub00/vhpl18 1461719516
AR pc behavioral C:/Users/Vanessa/Desktop/ArquitecturaComputadores/monociclo/PC.vhd sub00/vhpl01 1461719512
AR cu behavioral C:/Users/Vanessa/Desktop/ArquitecturaComputadores/monociclo/CU.vhd sub00/vhpl11 1461719520
EN alu NULL C:/Users/Vanessa/Desktop/ArquitecturaComputadores/monociclo/ALU.vhd sub00/vhpl14 1461719523
EN registerfile NULL C:/Users/Vanessa/Desktop/ArquitecturaComputadores/monociclo/RF.vhd sub00/vhpl17 1461719515
