EN adder NULL C:/Users/Vanessa/Desktop/ArquitecturaComputadores/monociclo/ADDER.vhd sub00/vhpl02 1461113498
AR npc behavioral C:/Users/Vanessa/Desktop/ArquitecturaComputadores/monociclo/NPC.vhd sub00/vhpl01 1461111316
EN npc NULL C:/Users/Vanessa/Desktop/ArquitecturaComputadores/monociclo/NPC.vhd sub00/vhpl00 1461111315
AR adder behavioral C:/Users/Vanessa/Desktop/ArquitecturaComputadores/monociclo/ADDER.vhd sub00/vhpl03 1461113499
