V3 8
FL C:/Users/Vanessa/Desktop/ArquitecturaComputadores/monociclo/ADDER.vhd 2016/04/11.17:48:21 P.20131013
EN work/ADDER 1461113498 \
      FL C:/Users/Vanessa/Desktop/ArquitecturaComputadores/monociclo/ADDER.vhd \
      PB ieee/std_logic_1164 1381692176 PB ieee/STD_LOGIC_UNSIGNED 1381692179
AR work/ADDER/Behavioral 1461113499 \
      FL C:/Users/Vanessa/Desktop/ArquitecturaComputadores/monociclo/ADDER.vhd \
      EN work/ADDER 1461113498
FL C:/Users/Vanessa/Desktop/ArquitecturaComputadores/monociclo/NPC.vhd 2016/04/07.22:59:29 P.20131013
EN work/NPC 1461111315 \
      FL C:/Users/Vanessa/Desktop/ArquitecturaComputadores/monociclo/NPC.vhd \
      PB ieee/std_logic_1164 1381692176
AR work/NPC/Behavioral 1461111316 \
      FL C:/Users/Vanessa/Desktop/ArquitecturaComputadores/monociclo/NPC.vhd \
      EN work/NPC 1461111315
FL C:/Users/Vanessa/monociclo/ADDER.vhd 2016/04/11.17:48:21 P.20131013
FL C:/Users/Vanessa/monociclo/NPC.vhd 2016/03/31.19:29:26 P.20131013
