--------------------------------------------------------------------------------
Release 14.7 Trace  (nt64)
Copyright (c) 1995-2013 Xilinx, Inc.  All rights reserved.

C:\Xilinx\14.7\ISE_DS\ISE\bin\nt64\unwrapped\trce.exe -intstyle ise -v 3 -s 4
-n 3 -fastpaths -xml ADDER.twx ADDER.ncd -o ADDER.twr ADDER.pcf

Design file:              ADDER.ncd
Physical constraint file: ADDER.pcf
Device,package,speed:     xc3s500e,fg320,-4 (PRODUCTION 1.27 2013-10-13)
Report level:             verbose report

Environment Variable      Effect 
--------------------      ------ 
NONE                      No environment variables were set
--------------------------------------------------------------------------------

INFO:Timing:2698 - No timing constraints found, doing default enumeration.
INFO:Timing:3412 - To improve timing, see the Timing Closure User Guide (UG612).
INFO:Timing:2752 - To get complete path coverage, use the unconstrained paths 
   option. All paths that are not constrained will be reported in the 
   unconstrained paths section(s) of the report.
INFO:Timing:3339 - The clock-to-out numbers in this timing report are based on 
   a 50 Ohm transmission line loading model.  For the details of this model, 
   and for more information on accounting for different loading conditions, 
   please see the device datasheet.
INFO:Timing:3390 - This architecture does not support a default System Jitter 
   value, please add SYSTEM_JITTER constraint to the UCF to modify the Clock 
   Uncertainty calculation.
INFO:Timing:3389 - This architecture does not support 'Discrete Jitter' and 
   'Phase Error' calculations, these terms will be zero in the Clock 
   Uncertainty calculation.  Please make appropriate modification to 
   SYSTEM_JITTER to account for the unsupported Discrete Jitter and Phase 
   Error.



Data Sheet report:
-----------------
All values displayed in nanoseconds (ns)

Pad to Pad
---------------+---------------+---------+
Source Pad     |Destination Pad|  Delay  |
---------------+---------------+---------+
ENTRADA1<0>    |SALIDA1<0>     |   10.151|
ENTRADA1<0>    |SALIDA1<1>     |   10.346|
ENTRADA1<0>    |SALIDA1<2>     |   11.114|
ENTRADA1<0>    |SALIDA1<3>     |   10.998|
ENTRADA1<0>    |SALIDA1<4>     |   10.708|
ENTRADA1<0>    |SALIDA1<5>     |   11.340|
ENTRADA1<0>    |SALIDA1<6>     |   11.051|
ENTRADA1<0>    |SALIDA1<7>     |   11.419|
ENTRADA1<0>    |SALIDA1<8>     |   11.227|
ENTRADA1<0>    |SALIDA1<9>     |   11.619|
ENTRADA1<0>    |SALIDA1<10>    |   11.355|
ENTRADA1<0>    |SALIDA1<11>    |   11.122|
ENTRADA1<0>    |SALIDA1<12>    |   11.390|
ENTRADA1<0>    |SALIDA1<13>    |   11.708|
ENTRADA1<0>    |SALIDA1<14>    |   11.422|
ENTRADA1<0>    |SALIDA1<15>    |   11.273|
ENTRADA1<0>    |SALIDA1<16>    |   12.163|
ENTRADA1<0>    |SALIDA1<17>    |   12.252|
ENTRADA1<0>    |SALIDA1<18>    |   11.533|
ENTRADA1<0>    |SALIDA1<19>    |   11.240|
ENTRADA1<0>    |SALIDA1<20>    |   12.130|
ENTRADA1<0>    |SALIDA1<21>    |   11.838|
ENTRADA1<0>    |SALIDA1<22>    |   11.079|
ENTRADA1<0>    |SALIDA1<23>    |   11.612|
ENTRADA1<0>    |SALIDA1<24>    |   11.065|
ENTRADA1<0>    |SALIDA1<25>    |   11.472|
ENTRADA1<0>    |SALIDA1<26>    |   11.363|
ENTRADA1<0>    |SALIDA1<27>    |   12.275|
ENTRADA1<0>    |SALIDA1<28>    |   10.740|
ENTRADA1<0>    |SALIDA1<29>    |   10.831|
ENTRADA1<0>    |SALIDA1<30>    |   10.828|
ENTRADA1<0>    |SALIDA1<31>    |   11.265|
ENTRADA1<1>    |SALIDA1<1>     |   10.207|
ENTRADA1<1>    |SALIDA1<2>     |   11.224|
ENTRADA1<1>    |SALIDA1<3>     |   11.108|
ENTRADA1<1>    |SALIDA1<4>     |   10.818|
ENTRADA1<1>    |SALIDA1<5>     |   11.450|
ENTRADA1<1>    |SALIDA1<6>     |   11.161|
ENTRADA1<1>    |SALIDA1<7>     |   11.529|
ENTRADA1<1>    |SALIDA1<8>     |   11.337|
ENTRADA1<1>    |SALIDA1<9>     |   11.729|
ENTRADA1<1>    |SALIDA1<10>    |   11.465|
ENTRADA1<1>    |SALIDA1<11>    |   11.232|
ENTRADA1<1>    |SALIDA1<12>    |   11.500|
ENTRADA1<1>    |SALIDA1<13>    |   11.818|
ENTRADA1<1>    |SALIDA1<14>    |   11.532|
ENTRADA1<1>    |SALIDA1<15>    |   11.383|
ENTRADA1<1>    |SALIDA1<16>    |   12.273|
ENTRADA1<1>    |SALIDA1<17>    |   12.362|
ENTRADA1<1>    |SALIDA1<18>    |   11.643|
ENTRADA1<1>    |SALIDA1<19>    |   11.350|
ENTRADA1<1>    |SALIDA1<20>    |   12.240|
ENTRADA1<1>    |SALIDA1<21>    |   11.948|
ENTRADA1<1>    |SALIDA1<22>    |   11.189|
ENTRADA1<1>    |SALIDA1<23>    |   11.722|
ENTRADA1<1>    |SALIDA1<24>    |   11.175|
ENTRADA1<1>    |SALIDA1<25>    |   11.582|
ENTRADA1<1>    |SALIDA1<26>    |   11.473|
ENTRADA1<1>    |SALIDA1<27>    |   12.385|
ENTRADA1<1>    |SALIDA1<28>    |   10.850|
ENTRADA1<1>    |SALIDA1<29>    |   10.941|
ENTRADA1<1>    |SALIDA1<30>    |   10.938|
ENTRADA1<1>    |SALIDA1<31>    |   11.375|
ENTRADA1<2>    |SALIDA1<2>     |   10.425|
ENTRADA1<2>    |SALIDA1<3>     |   10.483|
ENTRADA1<2>    |SALIDA1<4>     |   10.465|
ENTRADA1<2>    |SALIDA1<5>     |   11.097|
ENTRADA1<2>    |SALIDA1<6>     |   10.808|
ENTRADA1<2>    |SALIDA1<7>     |   11.176|
ENTRADA1<2>    |SALIDA1<8>     |   10.984|
ENTRADA1<2>    |SALIDA1<9>     |   11.376|
ENTRADA1<2>    |SALIDA1<10>    |   11.112|
ENTRADA1<2>    |SALIDA1<11>    |   10.879|
ENTRADA1<2>    |SALIDA1<12>    |   11.147|
ENTRADA1<2>    |SALIDA1<13>    |   11.465|
ENTRADA1<2>    |SALIDA1<14>    |   11.179|
ENTRADA1<2>    |SALIDA1<15>    |   11.030|
ENTRADA1<2>    |SALIDA1<16>    |   11.920|
ENTRADA1<2>    |SALIDA1<17>    |   12.009|
ENTRADA1<2>    |SALIDA1<18>    |   11.290|
ENTRADA1<2>    |SALIDA1<19>    |   10.997|
ENTRADA1<2>    |SALIDA1<20>    |   11.887|
ENTRADA1<2>    |SALIDA1<21>    |   11.595|
ENTRADA1<2>    |SALIDA1<22>    |   10.836|
ENTRADA1<2>    |SALIDA1<23>    |   11.369|
ENTRADA1<2>    |SALIDA1<24>    |   10.822|
ENTRADA1<2>    |SALIDA1<25>    |   11.229|
ENTRADA1<2>    |SALIDA1<26>    |   11.120|
ENTRADA1<2>    |SALIDA1<27>    |   12.032|
ENTRADA1<2>    |SALIDA1<28>    |   10.497|
ENTRADA1<2>    |SALIDA1<29>    |   10.588|
ENTRADA1<2>    |SALIDA1<30>    |   10.585|
ENTRADA1<2>    |SALIDA1<31>    |   11.022|
ENTRADA1<3>    |SALIDA1<3>     |   10.213|
ENTRADA1<3>    |SALIDA1<4>     |   10.444|
ENTRADA1<3>    |SALIDA1<5>     |   11.076|
ENTRADA1<3>    |SALIDA1<6>     |   10.787|
ENTRADA1<3>    |SALIDA1<7>     |   11.155|
ENTRADA1<3>    |SALIDA1<8>     |   10.963|
ENTRADA1<3>    |SALIDA1<9>     |   11.355|
ENTRADA1<3>    |SALIDA1<10>    |   11.091|
ENTRADA1<3>    |SALIDA1<11>    |   10.858|
ENTRADA1<3>    |SALIDA1<12>    |   11.126|
ENTRADA1<3>    |SALIDA1<13>    |   11.444|
ENTRADA1<3>    |SALIDA1<14>    |   11.158|
ENTRADA1<3>    |SALIDA1<15>    |   11.009|
ENTRADA1<3>    |SALIDA1<16>    |   11.899|
ENTRADA1<3>    |SALIDA1<17>    |   11.988|
ENTRADA1<3>    |SALIDA1<18>    |   11.269|
ENTRADA1<3>    |SALIDA1<19>    |   10.976|
ENTRADA1<3>    |SALIDA1<20>    |   11.866|
ENTRADA1<3>    |SALIDA1<21>    |   11.574|
ENTRADA1<3>    |SALIDA1<22>    |   10.815|
ENTRADA1<3>    |SALIDA1<23>    |   11.348|
ENTRADA1<3>    |SALIDA1<24>    |   10.801|
ENTRADA1<3>    |SALIDA1<25>    |   11.208|
ENTRADA1<3>    |SALIDA1<26>    |   11.099|
ENTRADA1<3>    |SALIDA1<27>    |   12.011|
ENTRADA1<3>    |SALIDA1<28>    |   10.476|
ENTRADA1<3>    |SALIDA1<29>    |   10.567|
ENTRADA1<3>    |SALIDA1<30>    |   10.564|
ENTRADA1<3>    |SALIDA1<31>    |   11.001|
ENTRADA1<4>    |SALIDA1<4>     |   10.456|
ENTRADA1<4>    |SALIDA1<5>     |   11.262|
ENTRADA1<4>    |SALIDA1<6>     |   11.245|
ENTRADA1<4>    |SALIDA1<7>     |   11.613|
ENTRADA1<4>    |SALIDA1<8>     |   11.421|
ENTRADA1<4>    |SALIDA1<9>     |   11.813|
ENTRADA1<4>    |SALIDA1<10>    |   11.549|
ENTRADA1<4>    |SALIDA1<11>    |   11.316|
ENTRADA1<4>    |SALIDA1<12>    |   11.584|
ENTRADA1<4>    |SALIDA1<13>    |   11.902|
ENTRADA1<4>    |SALIDA1<14>    |   11.616|
ENTRADA1<4>    |SALIDA1<15>    |   11.467|
ENTRADA1<4>    |SALIDA1<16>    |   12.357|
ENTRADA1<4>    |SALIDA1<17>    |   12.446|
ENTRADA1<4>    |SALIDA1<18>    |   11.727|
ENTRADA1<4>    |SALIDA1<19>    |   11.434|
ENTRADA1<4>    |SALIDA1<20>    |   12.324|
ENTRADA1<4>    |SALIDA1<21>    |   12.032|
ENTRADA1<4>    |SALIDA1<22>    |   11.273|
ENTRADA1<4>    |SALIDA1<23>    |   11.806|
ENTRADA1<4>    |SALIDA1<24>    |   11.259|
ENTRADA1<4>    |SALIDA1<25>    |   11.666|
ENTRADA1<4>    |SALIDA1<26>    |   11.557|
ENTRADA1<4>    |SALIDA1<27>    |   12.469|
ENTRADA1<4>    |SALIDA1<28>    |   10.934|
ENTRADA1<4>    |SALIDA1<29>    |   11.025|
ENTRADA1<4>    |SALIDA1<30>    |   11.022|
ENTRADA1<4>    |SALIDA1<31>    |   11.459|
ENTRADA1<5>    |SALIDA1<5>     |   10.087|
ENTRADA1<5>    |SALIDA1<6>     |   10.319|
ENTRADA1<5>    |SALIDA1<7>     |   10.687|
ENTRADA1<5>    |SALIDA1<8>     |   10.495|
ENTRADA1<5>    |SALIDA1<9>     |   10.887|
ENTRADA1<5>    |SALIDA1<10>    |   10.623|
ENTRADA1<5>    |SALIDA1<11>    |   10.390|
ENTRADA1<5>    |SALIDA1<12>    |   10.658|
ENTRADA1<5>    |SALIDA1<13>    |   10.976|
ENTRADA1<5>    |SALIDA1<14>    |   10.690|
ENTRADA1<5>    |SALIDA1<15>    |   10.541|
ENTRADA1<5>    |SALIDA1<16>    |   11.431|
ENTRADA1<5>    |SALIDA1<17>    |   11.520|
ENTRADA1<5>    |SALIDA1<18>    |   10.801|
ENTRADA1<5>    |SALIDA1<19>    |   10.508|
ENTRADA1<5>    |SALIDA1<20>    |   11.398|
ENTRADA1<5>    |SALIDA1<21>    |   11.106|
ENTRADA1<5>    |SALIDA1<22>    |   10.347|
ENTRADA1<5>    |SALIDA1<23>    |   10.880|
ENTRADA1<5>    |SALIDA1<24>    |   10.333|
ENTRADA1<5>    |SALIDA1<25>    |   10.740|
ENTRADA1<5>    |SALIDA1<26>    |   10.631|
ENTRADA1<5>    |SALIDA1<27>    |   11.543|
ENTRADA1<5>    |SALIDA1<28>    |   10.008|
ENTRADA1<5>    |SALIDA1<29>    |   10.099|
ENTRADA1<5>    |SALIDA1<30>    |   10.096|
ENTRADA1<5>    |SALIDA1<31>    |   10.533|
ENTRADA1<6>    |SALIDA1<6>     |    9.556|
ENTRADA1<6>    |SALIDA1<7>     |   10.098|
ENTRADA1<6>    |SALIDA1<8>     |   10.178|
ENTRADA1<6>    |SALIDA1<9>     |   10.570|
ENTRADA1<6>    |SALIDA1<10>    |   10.306|
ENTRADA1<6>    |SALIDA1<11>    |   10.073|
ENTRADA1<6>    |SALIDA1<12>    |   10.341|
ENTRADA1<6>    |SALIDA1<13>    |   10.659|
ENTRADA1<6>    |SALIDA1<14>    |   10.373|
ENTRADA1<6>    |SALIDA1<15>    |   10.224|
ENTRADA1<6>    |SALIDA1<16>    |   11.114|
ENTRADA1<6>    |SALIDA1<17>    |   11.203|
ENTRADA1<6>    |SALIDA1<18>    |   10.484|
ENTRADA1<6>    |SALIDA1<19>    |   10.191|
ENTRADA1<6>    |SALIDA1<20>    |   11.081|
ENTRADA1<6>    |SALIDA1<21>    |   10.789|
ENTRADA1<6>    |SALIDA1<22>    |   10.030|
ENTRADA1<6>    |SALIDA1<23>    |   10.563|
ENTRADA1<6>    |SALIDA1<24>    |   10.016|
ENTRADA1<6>    |SALIDA1<25>    |   10.423|
ENTRADA1<6>    |SALIDA1<26>    |   10.314|
ENTRADA1<6>    |SALIDA1<27>    |   11.226|
ENTRADA1<6>    |SALIDA1<28>    |    9.691|
ENTRADA1<6>    |SALIDA1<29>    |    9.782|
ENTRADA1<6>    |SALIDA1<30>    |    9.779|
ENTRADA1<6>    |SALIDA1<31>    |   10.216|
ENTRADA1<7>    |SALIDA1<7>     |    9.626|
ENTRADA1<7>    |SALIDA1<8>     |    9.955|
ENTRADA1<7>    |SALIDA1<9>     |   10.347|
ENTRADA1<7>    |SALIDA1<10>    |   10.083|
ENTRADA1<7>    |SALIDA1<11>    |    9.850|
ENTRADA1<7>    |SALIDA1<12>    |   10.118|
ENTRADA1<7>    |SALIDA1<13>    |   10.436|
ENTRADA1<7>    |SALIDA1<14>    |   10.150|
ENTRADA1<7>    |SALIDA1<15>    |   10.001|
ENTRADA1<7>    |SALIDA1<16>    |   10.891|
ENTRADA1<7>    |SALIDA1<17>    |   10.980|
ENTRADA1<7>    |SALIDA1<18>    |   10.261|
ENTRADA1<7>    |SALIDA1<19>    |    9.968|
ENTRADA1<7>    |SALIDA1<20>    |   10.858|
ENTRADA1<7>    |SALIDA1<21>    |   10.566|
ENTRADA1<7>    |SALIDA1<22>    |    9.807|
ENTRADA1<7>    |SALIDA1<23>    |   10.340|
ENTRADA1<7>    |SALIDA1<24>    |    9.793|
ENTRADA1<7>    |SALIDA1<25>    |   10.200|
ENTRADA1<7>    |SALIDA1<26>    |   10.091|
ENTRADA1<7>    |SALIDA1<27>    |   11.003|
ENTRADA1<7>    |SALIDA1<28>    |    9.468|
ENTRADA1<7>    |SALIDA1<29>    |    9.559|
ENTRADA1<7>    |SALIDA1<30>    |    9.556|
ENTRADA1<7>    |SALIDA1<31>    |    9.993|
ENTRADA1<8>    |SALIDA1<8>     |    9.219|
ENTRADA1<8>    |SALIDA1<9>     |    9.785|
ENTRADA1<8>    |SALIDA1<10>    |    9.793|
ENTRADA1<8>    |SALIDA1<11>    |    9.560|
ENTRADA1<8>    |SALIDA1<12>    |    9.828|
ENTRADA1<8>    |SALIDA1<13>    |   10.146|
ENTRADA1<8>    |SALIDA1<14>    |    9.860|
ENTRADA1<8>    |SALIDA1<15>    |    9.711|
ENTRADA1<8>    |SALIDA1<16>    |   10.601|
ENTRADA1<8>    |SALIDA1<17>    |   10.690|
ENTRADA1<8>    |SALIDA1<18>    |    9.971|
ENTRADA1<8>    |SALIDA1<19>    |    9.678|
ENTRADA1<8>    |SALIDA1<20>    |   10.568|
ENTRADA1<8>    |SALIDA1<21>    |   10.276|
ENTRADA1<8>    |SALIDA1<22>    |    9.517|
ENTRADA1<8>    |SALIDA1<23>    |   10.050|
ENTRADA1<8>    |SALIDA1<24>    |    9.503|
ENTRADA1<8>    |SALIDA1<25>    |    9.910|
ENTRADA1<8>    |SALIDA1<26>    |    9.801|
ENTRADA1<8>    |SALIDA1<27>    |   10.713|
ENTRADA1<8>    |SALIDA1<28>    |    9.178|
ENTRADA1<8>    |SALIDA1<29>    |    9.269|
ENTRADA1<8>    |SALIDA1<30>    |    9.266|
ENTRADA1<8>    |SALIDA1<31>    |    9.703|
ENTRADA1<9>    |SALIDA1<9>     |    9.878|
ENTRADA1<9>    |SALIDA1<10>    |   10.135|
ENTRADA1<9>    |SALIDA1<11>    |    9.902|
ENTRADA1<9>    |SALIDA1<12>    |   10.170|
ENTRADA1<9>    |SALIDA1<13>    |   10.488|
ENTRADA1<9>    |SALIDA1<14>    |   10.202|
ENTRADA1<9>    |SALIDA1<15>    |   10.053|
ENTRADA1<9>    |SALIDA1<16>    |   10.943|
ENTRADA1<9>    |SALIDA1<17>    |   11.032|
ENTRADA1<9>    |SALIDA1<18>    |   10.313|
ENTRADA1<9>    |SALIDA1<19>    |   10.020|
ENTRADA1<9>    |SALIDA1<20>    |   10.910|
ENTRADA1<9>    |SALIDA1<21>    |   10.618|
ENTRADA1<9>    |SALIDA1<22>    |    9.859|
ENTRADA1<9>    |SALIDA1<23>    |   10.392|
ENTRADA1<9>    |SALIDA1<24>    |    9.845|
ENTRADA1<9>    |SALIDA1<25>    |   10.252|
ENTRADA1<9>    |SALIDA1<26>    |   10.143|
ENTRADA1<9>    |SALIDA1<27>    |   11.055|
ENTRADA1<9>    |SALIDA1<28>    |    9.520|
ENTRADA1<9>    |SALIDA1<29>    |    9.611|
ENTRADA1<9>    |SALIDA1<30>    |    9.608|
ENTRADA1<9>    |SALIDA1<31>    |   10.045|
ENTRADA1<10>   |SALIDA1<10>    |    9.226|
ENTRADA1<10>   |SALIDA1<11>    |    9.167|
ENTRADA1<10>   |SALIDA1<12>    |    9.707|
ENTRADA1<10>   |SALIDA1<13>    |   10.025|
ENTRADA1<10>   |SALIDA1<14>    |    9.739|
ENTRADA1<10>   |SALIDA1<15>    |    9.590|
ENTRADA1<10>   |SALIDA1<16>    |   10.480|
ENTRADA1<10>   |SALIDA1<17>    |   10.569|
ENTRADA1<10>   |SALIDA1<18>    |    9.850|
ENTRADA1<10>   |SALIDA1<19>    |    9.557|
ENTRADA1<10>   |SALIDA1<20>    |   10.447|
ENTRADA1<10>   |SALIDA1<21>    |   10.155|
ENTRADA1<10>   |SALIDA1<22>    |    9.396|
ENTRADA1<10>   |SALIDA1<23>    |    9.929|
ENTRADA1<10>   |SALIDA1<24>    |    9.382|
ENTRADA1<10>   |SALIDA1<25>    |    9.789|
ENTRADA1<10>   |SALIDA1<26>    |    9.680|
ENTRADA1<10>   |SALIDA1<27>    |   10.592|
ENTRADA1<10>   |SALIDA1<28>    |    9.057|
ENTRADA1<10>   |SALIDA1<29>    |    9.148|
ENTRADA1<10>   |SALIDA1<30>    |    9.145|
ENTRADA1<10>   |SALIDA1<31>    |    9.582|
ENTRADA1<11>   |SALIDA1<11>    |    9.039|
ENTRADA1<11>   |SALIDA1<12>    |    9.828|
ENTRADA1<11>   |SALIDA1<13>    |   10.146|
ENTRADA1<11>   |SALIDA1<14>    |    9.860|
ENTRADA1<11>   |SALIDA1<15>    |    9.711|
ENTRADA1<11>   |SALIDA1<16>    |   10.601|
ENTRADA1<11>   |SALIDA1<17>    |   10.690|
ENTRADA1<11>   |SALIDA1<18>    |    9.971|
ENTRADA1<11>   |SALIDA1<19>    |    9.678|
ENTRADA1<11>   |SALIDA1<20>    |   10.568|
ENTRADA1<11>   |SALIDA1<21>    |   10.276|
ENTRADA1<11>   |SALIDA1<22>    |    9.517|
ENTRADA1<11>   |SALIDA1<23>    |   10.050|
ENTRADA1<11>   |SALIDA1<24>    |    9.503|
ENTRADA1<11>   |SALIDA1<25>    |    9.910|
ENTRADA1<11>   |SALIDA1<26>    |    9.801|
ENTRADA1<11>   |SALIDA1<27>    |   10.713|
ENTRADA1<11>   |SALIDA1<28>    |    9.178|
ENTRADA1<11>   |SALIDA1<29>    |    9.269|
ENTRADA1<11>   |SALIDA1<30>    |    9.266|
ENTRADA1<11>   |SALIDA1<31>    |    9.703|
ENTRADA1<12>   |SALIDA1<12>    |    8.583|
ENTRADA1<12>   |SALIDA1<13>    |    9.075|
ENTRADA1<12>   |SALIDA1<14>    |    9.061|
ENTRADA1<12>   |SALIDA1<15>    |    8.912|
ENTRADA1<12>   |SALIDA1<16>    |    9.802|
ENTRADA1<12>   |SALIDA1<17>    |    9.891|
ENTRADA1<12>   |SALIDA1<18>    |    9.172|
ENTRADA1<12>   |SALIDA1<19>    |    8.879|
ENTRADA1<12>   |SALIDA1<20>    |    9.769|
ENTRADA1<12>   |SALIDA1<21>    |    9.477|
ENTRADA1<12>   |SALIDA1<22>    |    8.718|
ENTRADA1<12>   |SALIDA1<23>    |    9.251|
ENTRADA1<12>   |SALIDA1<24>    |    8.704|
ENTRADA1<12>   |SALIDA1<25>    |    9.111|
ENTRADA1<12>   |SALIDA1<26>    |    9.002|
ENTRADA1<12>   |SALIDA1<27>    |    9.914|
ENTRADA1<12>   |SALIDA1<28>    |    8.379|
ENTRADA1<12>   |SALIDA1<29>    |    8.470|
ENTRADA1<12>   |SALIDA1<30>    |    8.467|
ENTRADA1<12>   |SALIDA1<31>    |    8.904|
ENTRADA1<13>   |SALIDA1<13>    |    8.584|
ENTRADA1<13>   |SALIDA1<14>    |    8.819|
ENTRADA1<13>   |SALIDA1<15>    |    8.670|
ENTRADA1<13>   |SALIDA1<16>    |    9.560|
ENTRADA1<13>   |SALIDA1<17>    |    9.649|
ENTRADA1<13>   |SALIDA1<18>    |    8.930|
ENTRADA1<13>   |SALIDA1<19>    |    8.637|
ENTRADA1<13>   |SALIDA1<20>    |    9.527|
ENTRADA1<13>   |SALIDA1<21>    |    9.235|
ENTRADA1<13>   |SALIDA1<22>    |    8.476|
ENTRADA1<13>   |SALIDA1<23>    |    9.009|
ENTRADA1<13>   |SALIDA1<24>    |    8.462|
ENTRADA1<13>   |SALIDA1<25>    |    8.869|
ENTRADA1<13>   |SALIDA1<26>    |    8.760|
ENTRADA1<13>   |SALIDA1<27>    |    9.672|
ENTRADA1<13>   |SALIDA1<28>    |    8.137|
ENTRADA1<13>   |SALIDA1<29>    |    8.228|
ENTRADA1<13>   |SALIDA1<30>    |    8.225|
ENTRADA1<13>   |SALIDA1<31>    |    8.662|
ENTRADA1<14>   |SALIDA1<14>    |    8.806|
ENTRADA1<14>   |SALIDA1<15>    |    8.831|
ENTRADA1<14>   |SALIDA1<16>    |    9.993|
ENTRADA1<14>   |SALIDA1<17>    |   10.082|
ENTRADA1<14>   |SALIDA1<18>    |    9.363|
ENTRADA1<14>   |SALIDA1<19>    |    9.070|
ENTRADA1<14>   |SALIDA1<20>    |    9.960|
ENTRADA1<14>   |SALIDA1<21>    |    9.668|
ENTRADA1<14>   |SALIDA1<22>    |    8.909|
ENTRADA1<14>   |SALIDA1<23>    |    9.442|
ENTRADA1<14>   |SALIDA1<24>    |    8.895|
ENTRADA1<14>   |SALIDA1<25>    |    9.302|
ENTRADA1<14>   |SALIDA1<26>    |    9.193|
ENTRADA1<14>   |SALIDA1<27>    |   10.105|
ENTRADA1<14>   |SALIDA1<28>    |    8.570|
ENTRADA1<14>   |SALIDA1<29>    |    8.661|
ENTRADA1<14>   |SALIDA1<30>    |    8.658|
ENTRADA1<14>   |SALIDA1<31>    |    9.095|
ENTRADA1<15>   |SALIDA1<15>    |    8.501|
ENTRADA1<15>   |SALIDA1<16>    |    9.912|
ENTRADA1<15>   |SALIDA1<17>    |   10.001|
ENTRADA1<15>   |SALIDA1<18>    |    9.282|
ENTRADA1<15>   |SALIDA1<19>    |    8.989|
ENTRADA1<15>   |SALIDA1<20>    |    9.879|
ENTRADA1<15>   |SALIDA1<21>    |    9.587|
ENTRADA1<15>   |SALIDA1<22>    |    8.828|
ENTRADA1<15>   |SALIDA1<23>    |    9.361|
ENTRADA1<15>   |SALIDA1<24>    |    8.814|
ENTRADA1<15>   |SALIDA1<25>    |    9.221|
ENTRADA1<15>   |SALIDA1<26>    |    9.112|
ENTRADA1<15>   |SALIDA1<27>    |   10.024|
ENTRADA1<15>   |SALIDA1<28>    |    8.489|
ENTRADA1<15>   |SALIDA1<29>    |    8.580|
ENTRADA1<15>   |SALIDA1<30>    |    8.577|
ENTRADA1<15>   |SALIDA1<31>    |    9.014|
ENTRADA1<16>   |SALIDA1<16>    |    9.727|
ENTRADA1<16>   |SALIDA1<17>    |    9.990|
ENTRADA1<16>   |SALIDA1<18>    |    9.543|
ENTRADA1<16>   |SALIDA1<19>    |    9.250|
ENTRADA1<16>   |SALIDA1<20>    |   10.140|
ENTRADA1<16>   |SALIDA1<21>    |    9.848|
ENTRADA1<16>   |SALIDA1<22>    |    9.089|
ENTRADA1<16>   |SALIDA1<23>    |    9.622|
ENTRADA1<16>   |SALIDA1<24>    |    9.075|
ENTRADA1<16>   |SALIDA1<25>    |    9.482|
ENTRADA1<16>   |SALIDA1<26>    |    9.373|
ENTRADA1<16>   |SALIDA1<27>    |   10.285|
ENTRADA1<16>   |SALIDA1<28>    |    8.750|
ENTRADA1<16>   |SALIDA1<29>    |    8.841|
ENTRADA1<16>   |SALIDA1<30>    |    8.838|
ENTRADA1<16>   |SALIDA1<31>    |    9.275|
ENTRADA1<17>   |SALIDA1<17>    |    9.795|
ENTRADA1<17>   |SALIDA1<18>    |    9.597|
ENTRADA1<17>   |SALIDA1<19>    |    9.304|
ENTRADA1<17>   |SALIDA1<20>    |   10.194|
ENTRADA1<17>   |SALIDA1<21>    |    9.902|
ENTRADA1<17>   |SALIDA1<22>    |    9.143|
ENTRADA1<17>   |SALIDA1<23>    |    9.676|
ENTRADA1<17>   |SALIDA1<24>    |    9.129|
ENTRADA1<17>   |SALIDA1<25>    |    9.536|
ENTRADA1<17>   |SALIDA1<26>    |    9.427|
ENTRADA1<17>   |SALIDA1<27>    |   10.339|
ENTRADA1<17>   |SALIDA1<28>    |    8.804|
ENTRADA1<17>   |SALIDA1<29>    |    8.895|
ENTRADA1<17>   |SALIDA1<30>    |    8.892|
ENTRADA1<17>   |SALIDA1<31>    |    9.329|
ENTRADA1<18>   |SALIDA1<18>    |    9.162|
ENTRADA1<18>   |SALIDA1<19>    |    9.043|
ENTRADA1<18>   |SALIDA1<20>    |   10.205|
ENTRADA1<18>   |SALIDA1<21>    |    9.913|
ENTRADA1<18>   |SALIDA1<22>    |    9.154|
ENTRADA1<18>   |SALIDA1<23>    |    9.687|
ENTRADA1<18>   |SALIDA1<24>    |    9.140|
ENTRADA1<18>   |SALIDA1<25>    |    9.547|
ENTRADA1<18>   |SALIDA1<26>    |    9.438|
ENTRADA1<18>   |SALIDA1<27>    |   10.350|
ENTRADA1<18>   |SALIDA1<28>    |    8.815|
ENTRADA1<18>   |SALIDA1<29>    |    8.906|
ENTRADA1<18>   |SALIDA1<30>    |    8.903|
ENTRADA1<18>   |SALIDA1<31>    |    9.340|
ENTRADA1<19>   |SALIDA1<19>    |    8.719|
ENTRADA1<19>   |SALIDA1<20>    |   10.130|
ENTRADA1<19>   |SALIDA1<21>    |    9.838|
ENTRADA1<19>   |SALIDA1<22>    |    9.079|
ENTRADA1<19>   |SALIDA1<23>    |    9.612|
ENTRADA1<19>   |SALIDA1<24>    |    9.065|
ENTRADA1<19>   |SALIDA1<25>    |    9.472|
ENTRADA1<19>   |SALIDA1<26>    |    9.363|
ENTRADA1<19>   |SALIDA1<27>    |   10.275|
ENTRADA1<19>   |SALIDA1<28>    |    8.740|
ENTRADA1<19>   |SALIDA1<29>    |    8.831|
ENTRADA1<19>   |SALIDA1<30>    |    8.828|
ENTRADA1<19>   |SALIDA1<31>    |    9.265|
ENTRADA1<20>   |SALIDA1<20>    |    9.398|
ENTRADA1<20>   |SALIDA1<21>    |    9.280|
ENTRADA1<20>   |SALIDA1<22>    |    8.793|
ENTRADA1<20>   |SALIDA1<23>    |    9.326|
ENTRADA1<20>   |SALIDA1<24>    |    8.779|
ENTRADA1<20>   |SALIDA1<25>    |    9.186|
ENTRADA1<20>   |SALIDA1<26>    |    9.077|
ENTRADA1<20>   |SALIDA1<27>    |    9.989|
ENTRADA1<20>   |SALIDA1<28>    |    8.454|
ENTRADA1<20>   |SALIDA1<29>    |    8.545|
ENTRADA1<20>   |SALIDA1<30>    |    8.542|
ENTRADA1<20>   |SALIDA1<31>    |    8.979|
ENTRADA1<21>   |SALIDA1<21>    |    8.866|
ENTRADA1<21>   |SALIDA1<22>    |    8.628|
ENTRADA1<21>   |SALIDA1<23>    |    9.161|
ENTRADA1<21>   |SALIDA1<24>    |    8.614|
ENTRADA1<21>   |SALIDA1<25>    |    9.021|
ENTRADA1<21>   |SALIDA1<26>    |    8.912|
ENTRADA1<21>   |SALIDA1<27>    |    9.824|
ENTRADA1<21>   |SALIDA1<28>    |    8.289|
ENTRADA1<21>   |SALIDA1<29>    |    8.380|
ENTRADA1<21>   |SALIDA1<30>    |    8.377|
ENTRADA1<21>   |SALIDA1<31>    |    8.814|
ENTRADA1<22>   |SALIDA1<22>    |    8.676|
ENTRADA1<22>   |SALIDA1<23>    |    9.383|
ENTRADA1<22>   |SALIDA1<24>    |    9.108|
ENTRADA1<22>   |SALIDA1<25>    |    9.515|
ENTRADA1<22>   |SALIDA1<26>    |    9.406|
ENTRADA1<22>   |SALIDA1<27>    |   10.318|
ENTRADA1<22>   |SALIDA1<28>    |    8.783|
ENTRADA1<22>   |SALIDA1<29>    |    8.874|
ENTRADA1<22>   |SALIDA1<30>    |    8.871|
ENTRADA1<22>   |SALIDA1<31>    |    9.308|
ENTRADA1<23>   |SALIDA1<23>    |    8.872|
ENTRADA1<23>   |SALIDA1<24>    |    8.846|
ENTRADA1<23>   |SALIDA1<25>    |    9.253|
ENTRADA1<23>   |SALIDA1<26>    |    9.144|
ENTRADA1<23>   |SALIDA1<27>    |   10.056|
ENTRADA1<23>   |SALIDA1<28>    |    8.521|
ENTRADA1<23>   |SALIDA1<29>    |    8.612|
ENTRADA1<23>   |SALIDA1<30>    |    8.609|
ENTRADA1<23>   |SALIDA1<31>    |    9.046|
ENTRADA1<24>   |SALIDA1<24>    |    8.162|
ENTRADA1<24>   |SALIDA1<25>    |    8.743|
ENTRADA1<24>   |SALIDA1<26>    |    8.906|
ENTRADA1<24>   |SALIDA1<27>    |    9.818|
ENTRADA1<24>   |SALIDA1<28>    |    8.283|
ENTRADA1<24>   |SALIDA1<29>    |    8.374|
ENTRADA1<24>   |SALIDA1<30>    |    8.371|
ENTRADA1<24>   |SALIDA1<31>    |    8.808|
ENTRADA1<25>   |SALIDA1<25>    |    8.249|
ENTRADA1<25>   |SALIDA1<26>    |    8.661|
ENTRADA1<25>   |SALIDA1<27>    |    9.573|
ENTRADA1<25>   |SALIDA1<28>    |    8.038|
ENTRADA1<25>   |SALIDA1<29>    |    8.129|
ENTRADA1<25>   |SALIDA1<30>    |    8.126|
ENTRADA1<25>   |SALIDA1<31>    |    8.563|
ENTRADA1<26>   |SALIDA1<26>    |    8.423|
ENTRADA1<26>   |SALIDA1<27>    |    9.509|
ENTRADA1<26>   |SALIDA1<28>    |    8.246|
ENTRADA1<26>   |SALIDA1<29>    |    8.337|
ENTRADA1<26>   |SALIDA1<30>    |    8.334|
ENTRADA1<26>   |SALIDA1<31>    |    8.771|
ENTRADA1<27>   |SALIDA1<27>    |    9.091|
ENTRADA1<27>   |SALIDA1<28>    |    8.077|
ENTRADA1<27>   |SALIDA1<29>    |    8.168|
ENTRADA1<27>   |SALIDA1<30>    |    8.165|
ENTRADA1<27>   |SALIDA1<31>    |    8.602|
ENTRADA1<28>   |SALIDA1<28>    |    7.822|
ENTRADA1<28>   |SALIDA1<29>    |    8.087|
ENTRADA1<28>   |SALIDA1<30>    |    8.356|
ENTRADA1<28>   |SALIDA1<31>    |    8.793|
ENTRADA1<29>   |SALIDA1<29>    |    6.947|
ENTRADA1<29>   |SALIDA1<30>    |    7.465|
ENTRADA1<29>   |SALIDA1<31>    |    7.902|
ENTRADA1<30>   |SALIDA1<30>    |    7.793|
ENTRADA1<30>   |SALIDA1<31>    |    8.404|
ENTRADA1<31>   |SALIDA1<31>    |    7.105|
ENTRADA2<0>    |SALIDA1<0>     |    9.188|
ENTRADA2<0>    |SALIDA1<1>     |    9.383|
ENTRADA2<0>    |SALIDA1<2>     |   10.151|
ENTRADA2<0>    |SALIDA1<3>     |   10.035|
ENTRADA2<0>    |SALIDA1<4>     |    9.745|
ENTRADA2<0>    |SALIDA1<5>     |   10.377|
ENTRADA2<0>    |SALIDA1<6>     |   10.088|
ENTRADA2<0>    |SALIDA1<7>     |   10.456|
ENTRADA2<0>    |SALIDA1<8>     |   10.264|
ENTRADA2<0>    |SALIDA1<9>     |   10.656|
ENTRADA2<0>    |SALIDA1<10>    |   10.392|
ENTRADA2<0>    |SALIDA1<11>    |   10.159|
ENTRADA2<0>    |SALIDA1<12>    |   10.427|
ENTRADA2<0>    |SALIDA1<13>    |   10.745|
ENTRADA2<0>    |SALIDA1<14>    |   10.459|
ENTRADA2<0>    |SALIDA1<15>    |   10.310|
ENTRADA2<0>    |SALIDA1<16>    |   11.200|
ENTRADA2<0>    |SALIDA1<17>    |   11.289|
ENTRADA2<0>    |SALIDA1<18>    |   10.570|
ENTRADA2<0>    |SALIDA1<19>    |   10.277|
ENTRADA2<0>    |SALIDA1<20>    |   11.167|
ENTRADA2<0>    |SALIDA1<21>    |   10.875|
ENTRADA2<0>    |SALIDA1<22>    |   10.116|
ENTRADA2<0>    |SALIDA1<23>    |   10.649|
ENTRADA2<0>    |SALIDA1<24>    |   10.102|
ENTRADA2<0>    |SALIDA1<25>    |   10.509|
ENTRADA2<0>    |SALIDA1<26>    |   10.400|
ENTRADA2<0>    |SALIDA1<27>    |   11.312|
ENTRADA2<0>    |SALIDA1<28>    |    9.777|
ENTRADA2<0>    |SALIDA1<29>    |    9.868|
ENTRADA2<0>    |SALIDA1<30>    |    9.865|
ENTRADA2<0>    |SALIDA1<31>    |   10.302|
ENTRADA2<1>    |SALIDA1<1>     |    8.612|
ENTRADA2<1>    |SALIDA1<2>     |    9.629|
ENTRADA2<1>    |SALIDA1<3>     |    9.513|
ENTRADA2<1>    |SALIDA1<4>     |    9.223|
ENTRADA2<1>    |SALIDA1<5>     |    9.855|
ENTRADA2<1>    |SALIDA1<6>     |    9.566|
ENTRADA2<1>    |SALIDA1<7>     |    9.934|
ENTRADA2<1>    |SALIDA1<8>     |    9.742|
ENTRADA2<1>    |SALIDA1<9>     |   10.134|
ENTRADA2<1>    |SALIDA1<10>    |    9.870|
ENTRADA2<1>    |SALIDA1<11>    |    9.637|
ENTRADA2<1>    |SALIDA1<12>    |    9.905|
ENTRADA2<1>    |SALIDA1<13>    |   10.223|
ENTRADA2<1>    |SALIDA1<14>    |    9.937|
ENTRADA2<1>    |SALIDA1<15>    |    9.788|
ENTRADA2<1>    |SALIDA1<16>    |   10.678|
ENTRADA2<1>    |SALIDA1<17>    |   10.767|
ENTRADA2<1>    |SALIDA1<18>    |   10.048|
ENTRADA2<1>    |SALIDA1<19>    |    9.755|
ENTRADA2<1>    |SALIDA1<20>    |   10.645|
ENTRADA2<1>    |SALIDA1<21>    |   10.353|
ENTRADA2<1>    |SALIDA1<22>    |    9.594|
ENTRADA2<1>    |SALIDA1<23>    |   10.127|
ENTRADA2<1>    |SALIDA1<24>    |    9.580|
ENTRADA2<1>    |SALIDA1<25>    |    9.987|
ENTRADA2<1>    |SALIDA1<26>    |    9.878|
ENTRADA2<1>    |SALIDA1<27>    |   10.790|
ENTRADA2<1>    |SALIDA1<28>    |    9.255|
ENTRADA2<1>    |SALIDA1<29>    |    9.346|
ENTRADA2<1>    |SALIDA1<30>    |    9.343|
ENTRADA2<1>    |SALIDA1<31>    |    9.780|
ENTRADA2<2>    |SALIDA1<2>     |    9.144|
ENTRADA2<2>    |SALIDA1<3>     |    9.202|
ENTRADA2<2>    |SALIDA1<4>     |    9.184|
ENTRADA2<2>    |SALIDA1<5>     |    9.816|
ENTRADA2<2>    |SALIDA1<6>     |    9.527|
ENTRADA2<2>    |SALIDA1<7>     |    9.895|
ENTRADA2<2>    |SALIDA1<8>     |    9.703|
ENTRADA2<2>    |SALIDA1<9>     |   10.095|
ENTRADA2<2>    |SALIDA1<10>    |    9.831|
ENTRADA2<2>    |SALIDA1<11>    |    9.598|
ENTRADA2<2>    |SALIDA1<12>    |    9.866|
ENTRADA2<2>    |SALIDA1<13>    |   10.184|
ENTRADA2<2>    |SALIDA1<14>    |    9.898|
ENTRADA2<2>    |SALIDA1<15>    |    9.749|
ENTRADA2<2>    |SALIDA1<16>    |   10.639|
ENTRADA2<2>    |SALIDA1<17>    |   10.728|
ENTRADA2<2>    |SALIDA1<18>    |   10.009|
ENTRADA2<2>    |SALIDA1<19>    |    9.716|
ENTRADA2<2>    |SALIDA1<20>    |   10.606|
ENTRADA2<2>    |SALIDA1<21>    |   10.314|
ENTRADA2<2>    |SALIDA1<22>    |    9.555|
ENTRADA2<2>    |SALIDA1<23>    |   10.088|
ENTRADA2<2>    |SALIDA1<24>    |    9.541|
ENTRADA2<2>    |SALIDA1<25>    |    9.948|
ENTRADA2<2>    |SALIDA1<26>    |    9.839|
ENTRADA2<2>    |SALIDA1<27>    |   10.751|
ENTRADA2<2>    |SALIDA1<28>    |    9.216|
ENTRADA2<2>    |SALIDA1<29>    |    9.307|
ENTRADA2<2>    |SALIDA1<30>    |    9.304|
ENTRADA2<2>    |SALIDA1<31>    |    9.741|
ENTRADA2<3>    |SALIDA1<3>     |    8.845|
ENTRADA2<3>    |SALIDA1<4>     |    9.076|
ENTRADA2<3>    |SALIDA1<5>     |    9.708|
ENTRADA2<3>    |SALIDA1<6>     |    9.419|
ENTRADA2<3>    |SALIDA1<7>     |    9.787|
ENTRADA2<3>    |SALIDA1<8>     |    9.595|
ENTRADA2<3>    |SALIDA1<9>     |    9.987|
ENTRADA2<3>    |SALIDA1<10>    |    9.723|
ENTRADA2<3>    |SALIDA1<11>    |    9.490|
ENTRADA2<3>    |SALIDA1<12>    |    9.758|
ENTRADA2<3>    |SALIDA1<13>    |   10.076|
ENTRADA2<3>    |SALIDA1<14>    |    9.790|
ENTRADA2<3>    |SALIDA1<15>    |    9.641|
ENTRADA2<3>    |SALIDA1<16>    |   10.531|
ENTRADA2<3>    |SALIDA1<17>    |   10.620|
ENTRADA2<3>    |SALIDA1<18>    |    9.901|
ENTRADA2<3>    |SALIDA1<19>    |    9.608|
ENTRADA2<3>    |SALIDA1<20>    |   10.498|
ENTRADA2<3>    |SALIDA1<21>    |   10.206|
ENTRADA2<3>    |SALIDA1<22>    |    9.447|
ENTRADA2<3>    |SALIDA1<23>    |    9.980|
ENTRADA2<3>    |SALIDA1<24>    |    9.433|
ENTRADA2<3>    |SALIDA1<25>    |    9.840|
ENTRADA2<3>    |SALIDA1<26>    |    9.731|
ENTRADA2<3>    |SALIDA1<27>    |   10.643|
ENTRADA2<3>    |SALIDA1<28>    |    9.108|
ENTRADA2<3>    |SALIDA1<29>    |    9.199|
ENTRADA2<3>    |SALIDA1<30>    |    9.196|
ENTRADA2<3>    |SALIDA1<31>    |    9.633|
ENTRADA2<4>    |SALIDA1<4>     |    8.453|
ENTRADA2<4>    |SALIDA1<5>     |    9.259|
ENTRADA2<4>    |SALIDA1<6>     |    9.242|
ENTRADA2<4>    |SALIDA1<7>     |    9.610|
ENTRADA2<4>    |SALIDA1<8>     |    9.418|
ENTRADA2<4>    |SALIDA1<9>     |    9.810|
ENTRADA2<4>    |SALIDA1<10>    |    9.546|
ENTRADA2<4>    |SALIDA1<11>    |    9.313|
ENTRADA2<4>    |SALIDA1<12>    |    9.581|
ENTRADA2<4>    |SALIDA1<13>    |    9.899|
ENTRADA2<4>    |SALIDA1<14>    |    9.613|
ENTRADA2<4>    |SALIDA1<15>    |    9.464|
ENTRADA2<4>    |SALIDA1<16>    |   10.354|
ENTRADA2<4>    |SALIDA1<17>    |   10.443|
ENTRADA2<4>    |SALIDA1<18>    |    9.724|
ENTRADA2<4>    |SALIDA1<19>    |    9.431|
ENTRADA2<4>    |SALIDA1<20>    |   10.321|
ENTRADA2<4>    |SALIDA1<21>    |   10.029|
ENTRADA2<4>    |SALIDA1<22>    |    9.270|
ENTRADA2<4>    |SALIDA1<23>    |    9.803|
ENTRADA2<4>    |SALIDA1<24>    |    9.256|
ENTRADA2<4>    |SALIDA1<25>    |    9.663|
ENTRADA2<4>    |SALIDA1<26>    |    9.554|
ENTRADA2<4>    |SALIDA1<27>    |   10.466|
ENTRADA2<4>    |SALIDA1<28>    |    8.931|
ENTRADA2<4>    |SALIDA1<29>    |    9.022|
ENTRADA2<4>    |SALIDA1<30>    |    9.019|
ENTRADA2<4>    |SALIDA1<31>    |    9.456|
ENTRADA2<5>    |SALIDA1<5>     |    9.070|
ENTRADA2<5>    |SALIDA1<6>     |    9.302|
ENTRADA2<5>    |SALIDA1<7>     |    9.670|
ENTRADA2<5>    |SALIDA1<8>     |    9.478|
ENTRADA2<5>    |SALIDA1<9>     |    9.870|
ENTRADA2<5>    |SALIDA1<10>    |    9.606|
ENTRADA2<5>    |SALIDA1<11>    |    9.373|
ENTRADA2<5>    |SALIDA1<12>    |    9.641|
ENTRADA2<5>    |SALIDA1<13>    |    9.959|
ENTRADA2<5>    |SALIDA1<14>    |    9.673|
ENTRADA2<5>    |SALIDA1<15>    |    9.524|
ENTRADA2<5>    |SALIDA1<16>    |   10.414|
ENTRADA2<5>    |SALIDA1<17>    |   10.503|
ENTRADA2<5>    |SALIDA1<18>    |    9.784|
ENTRADA2<5>    |SALIDA1<19>    |    9.491|
ENTRADA2<5>    |SALIDA1<20>    |   10.381|
ENTRADA2<5>    |SALIDA1<21>    |   10.089|
ENTRADA2<5>    |SALIDA1<22>    |    9.330|
ENTRADA2<5>    |SALIDA1<23>    |    9.863|
ENTRADA2<5>    |SALIDA1<24>    |    9.316|
ENTRADA2<5>    |SALIDA1<25>    |    9.723|
ENTRADA2<5>    |SALIDA1<26>    |    9.614|
ENTRADA2<5>    |SALIDA1<27>    |   10.526|
ENTRADA2<5>    |SALIDA1<28>    |    8.991|
ENTRADA2<5>    |SALIDA1<29>    |    9.082|
ENTRADA2<5>    |SALIDA1<30>    |    9.079|
ENTRADA2<5>    |SALIDA1<31>    |    9.516|
ENTRADA2<6>    |SALIDA1<6>     |    8.600|
ENTRADA2<6>    |SALIDA1<7>     |    9.142|
ENTRADA2<6>    |SALIDA1<8>     |    9.222|
ENTRADA2<6>    |SALIDA1<9>     |    9.614|
ENTRADA2<6>    |SALIDA1<10>    |    9.350|
ENTRADA2<6>    |SALIDA1<11>    |    9.117|
ENTRADA2<6>    |SALIDA1<12>    |    9.385|
ENTRADA2<6>    |SALIDA1<13>    |    9.703|
ENTRADA2<6>    |SALIDA1<14>    |    9.417|
ENTRADA2<6>    |SALIDA1<15>    |    9.268|
ENTRADA2<6>    |SALIDA1<16>    |   10.158|
ENTRADA2<6>    |SALIDA1<17>    |   10.247|
ENTRADA2<6>    |SALIDA1<18>    |    9.528|
ENTRADA2<6>    |SALIDA1<19>    |    9.235|
ENTRADA2<6>    |SALIDA1<20>    |   10.125|
ENTRADA2<6>    |SALIDA1<21>    |    9.833|
ENTRADA2<6>    |SALIDA1<22>    |    9.074|
ENTRADA2<6>    |SALIDA1<23>    |    9.607|
ENTRADA2<6>    |SALIDA1<24>    |    9.060|
ENTRADA2<6>    |SALIDA1<25>    |    9.467|
ENTRADA2<6>    |SALIDA1<26>    |    9.358|
ENTRADA2<6>    |SALIDA1<27>    |   10.270|
ENTRADA2<6>    |SALIDA1<28>    |    8.735|
ENTRADA2<6>    |SALIDA1<29>    |    8.826|
ENTRADA2<6>    |SALIDA1<30>    |    8.823|
ENTRADA2<6>    |SALIDA1<31>    |    9.260|
ENTRADA2<7>    |SALIDA1<7>     |    9.033|
ENTRADA2<7>    |SALIDA1<8>     |    9.362|
ENTRADA2<7>    |SALIDA1<9>     |    9.754|
ENTRADA2<7>    |SALIDA1<10>    |    9.490|
ENTRADA2<7>    |SALIDA1<11>    |    9.257|
ENTRADA2<7>    |SALIDA1<12>    |    9.525|
ENTRADA2<7>    |SALIDA1<13>    |    9.843|
ENTRADA2<7>    |SALIDA1<14>    |    9.557|
ENTRADA2<7>    |SALIDA1<15>    |    9.408|
ENTRADA2<7>    |SALIDA1<16>    |   10.298|
ENTRADA2<7>    |SALIDA1<17>    |   10.387|
ENTRADA2<7>    |SALIDA1<18>    |    9.668|
ENTRADA2<7>    |SALIDA1<19>    |    9.375|
ENTRADA2<7>    |SALIDA1<20>    |   10.265|
ENTRADA2<7>    |SALIDA1<21>    |    9.973|
ENTRADA2<7>    |SALIDA1<22>    |    9.214|
ENTRADA2<7>    |SALIDA1<23>    |    9.747|
ENTRADA2<7>    |SALIDA1<24>    |    9.200|
ENTRADA2<7>    |SALIDA1<25>    |    9.607|
ENTRADA2<7>    |SALIDA1<26>    |    9.498|
ENTRADA2<7>    |SALIDA1<27>    |   10.410|
ENTRADA2<7>    |SALIDA1<28>    |    8.875|
ENTRADA2<7>    |SALIDA1<29>    |    8.966|
ENTRADA2<7>    |SALIDA1<30>    |    8.963|
ENTRADA2<7>    |SALIDA1<31>    |    9.400|
ENTRADA2<8>    |SALIDA1<8>     |    9.835|
ENTRADA2<8>    |SALIDA1<9>     |   10.401|
ENTRADA2<8>    |SALIDA1<10>    |   10.409|
ENTRADA2<8>    |SALIDA1<11>    |   10.176|
ENTRADA2<8>    |SALIDA1<12>    |   10.444|
ENTRADA2<8>    |SALIDA1<13>    |   10.762|
ENTRADA2<8>    |SALIDA1<14>    |   10.476|
ENTRADA2<8>    |SALIDA1<15>    |   10.327|
ENTRADA2<8>    |SALIDA1<16>    |   11.217|
ENTRADA2<8>    |SALIDA1<17>    |   11.306|
ENTRADA2<8>    |SALIDA1<18>    |   10.587|
ENTRADA2<8>    |SALIDA1<19>    |   10.294|
ENTRADA2<8>    |SALIDA1<20>    |   11.184|
ENTRADA2<8>    |SALIDA1<21>    |   10.892|
ENTRADA2<8>    |SALIDA1<22>    |   10.133|
ENTRADA2<8>    |SALIDA1<23>    |   10.666|
ENTRADA2<8>    |SALIDA1<24>    |   10.119|
ENTRADA2<8>    |SALIDA1<25>    |   10.526|
ENTRADA2<8>    |SALIDA1<26>    |   10.417|
ENTRADA2<8>    |SALIDA1<27>    |   11.329|
ENTRADA2<8>    |SALIDA1<28>    |    9.794|
ENTRADA2<8>    |SALIDA1<29>    |    9.885|
ENTRADA2<8>    |SALIDA1<30>    |    9.882|
ENTRADA2<8>    |SALIDA1<31>    |   10.319|
ENTRADA2<9>    |SALIDA1<9>     |    9.830|
ENTRADA2<9>    |SALIDA1<10>    |   10.087|
ENTRADA2<9>    |SALIDA1<11>    |    9.854|
ENTRADA2<9>    |SALIDA1<12>    |   10.122|
ENTRADA2<9>    |SALIDA1<13>    |   10.440|
ENTRADA2<9>    |SALIDA1<14>    |   10.154|
ENTRADA2<9>    |SALIDA1<15>    |   10.005|
ENTRADA2<9>    |SALIDA1<16>    |   10.895|
ENTRADA2<9>    |SALIDA1<17>    |   10.984|
ENTRADA2<9>    |SALIDA1<18>    |   10.265|
ENTRADA2<9>    |SALIDA1<19>    |    9.972|
ENTRADA2<9>    |SALIDA1<20>    |   10.862|
ENTRADA2<9>    |SALIDA1<21>    |   10.570|
ENTRADA2<9>    |SALIDA1<22>    |    9.811|
ENTRADA2<9>    |SALIDA1<23>    |   10.344|
ENTRADA2<9>    |SALIDA1<24>    |    9.797|
ENTRADA2<9>    |SALIDA1<25>    |   10.204|
ENTRADA2<9>    |SALIDA1<26>    |   10.095|
ENTRADA2<9>    |SALIDA1<27>    |   11.007|
ENTRADA2<9>    |SALIDA1<28>    |    9.472|
ENTRADA2<9>    |SALIDA1<29>    |    9.563|
ENTRADA2<9>    |SALIDA1<30>    |    9.560|
ENTRADA2<9>    |SALIDA1<31>    |    9.997|
ENTRADA2<10>   |SALIDA1<10>    |    9.850|
ENTRADA2<10>   |SALIDA1<11>    |    9.791|
ENTRADA2<10>   |SALIDA1<12>    |   10.331|
ENTRADA2<10>   |SALIDA1<13>    |   10.649|
ENTRADA2<10>   |SALIDA1<14>    |   10.363|
ENTRADA2<10>   |SALIDA1<15>    |   10.214|
ENTRADA2<10>   |SALIDA1<16>    |   11.104|
ENTRADA2<10>   |SALIDA1<17>    |   11.193|
ENTRADA2<10>   |SALIDA1<18>    |   10.474|
ENTRADA2<10>   |SALIDA1<19>    |   10.181|
ENTRADA2<10>   |SALIDA1<20>    |   11.071|
ENTRADA2<10>   |SALIDA1<21>    |   10.779|
ENTRADA2<10>   |SALIDA1<22>    |   10.020|
ENTRADA2<10>   |SALIDA1<23>    |   10.553|
ENTRADA2<10>   |SALIDA1<24>    |   10.006|
ENTRADA2<10>   |SALIDA1<25>    |   10.413|
ENTRADA2<10>   |SALIDA1<26>    |   10.304|
ENTRADA2<10>   |SALIDA1<27>    |   11.216|
ENTRADA2<10>   |SALIDA1<28>    |    9.681|
ENTRADA2<10>   |SALIDA1<29>    |    9.772|
ENTRADA2<10>   |SALIDA1<30>    |    9.769|
ENTRADA2<10>   |SALIDA1<31>    |   10.206|
ENTRADA2<11>   |SALIDA1<11>    |    8.821|
ENTRADA2<11>   |SALIDA1<12>    |    9.610|
ENTRADA2<11>   |SALIDA1<13>    |    9.928|
ENTRADA2<11>   |SALIDA1<14>    |    9.642|
ENTRADA2<11>   |SALIDA1<15>    |    9.493|
ENTRADA2<11>   |SALIDA1<16>    |   10.383|
ENTRADA2<11>   |SALIDA1<17>    |   10.472|
ENTRADA2<11>   |SALIDA1<18>    |    9.753|
ENTRADA2<11>   |SALIDA1<19>    |    9.460|
ENTRADA2<11>   |SALIDA1<20>    |   10.350|
ENTRADA2<11>   |SALIDA1<21>    |   10.058|
ENTRADA2<11>   |SALIDA1<22>    |    9.299|
ENTRADA2<11>   |SALIDA1<23>    |    9.832|
ENTRADA2<11>   |SALIDA1<24>    |    9.285|
ENTRADA2<11>   |SALIDA1<25>    |    9.692|
ENTRADA2<11>   |SALIDA1<26>    |    9.583|
ENTRADA2<11>   |SALIDA1<27>    |   10.495|
ENTRADA2<11>   |SALIDA1<28>    |    8.960|
ENTRADA2<11>   |SALIDA1<29>    |    9.051|
ENTRADA2<11>   |SALIDA1<30>    |    9.048|
ENTRADA2<11>   |SALIDA1<31>    |    9.485|
ENTRADA2<12>   |SALIDA1<12>    |    9.244|
ENTRADA2<12>   |SALIDA1<13>    |    9.736|
ENTRADA2<12>   |SALIDA1<14>    |    9.722|
ENTRADA2<12>   |SALIDA1<15>    |    9.573|
ENTRADA2<12>   |SALIDA1<16>    |   10.463|
ENTRADA2<12>   |SALIDA1<17>    |   10.552|
ENTRADA2<12>   |SALIDA1<18>    |    9.833|
ENTRADA2<12>   |SALIDA1<19>    |    9.540|
ENTRADA2<12>   |SALIDA1<20>    |   10.430|
ENTRADA2<12>   |SALIDA1<21>    |   10.138|
ENTRADA2<12>   |SALIDA1<22>    |    9.379|
ENTRADA2<12>   |SALIDA1<23>    |    9.912|
ENTRADA2<12>   |SALIDA1<24>    |    9.365|
ENTRADA2<12>   |SALIDA1<25>    |    9.772|
ENTRADA2<12>   |SALIDA1<26>    |    9.663|
ENTRADA2<12>   |SALIDA1<27>    |   10.575|
ENTRADA2<12>   |SALIDA1<28>    |    9.040|
ENTRADA2<12>   |SALIDA1<29>    |    9.131|
ENTRADA2<12>   |SALIDA1<30>    |    9.128|
ENTRADA2<12>   |SALIDA1<31>    |    9.565|
ENTRADA2<13>   |SALIDA1<13>    |   10.007|
ENTRADA2<13>   |SALIDA1<14>    |   10.242|
ENTRADA2<13>   |SALIDA1<15>    |   10.093|
ENTRADA2<13>   |SALIDA1<16>    |   10.983|
ENTRADA2<13>   |SALIDA1<17>    |   11.072|
ENTRADA2<13>   |SALIDA1<18>    |   10.353|
ENTRADA2<13>   |SALIDA1<19>    |   10.060|
ENTRADA2<13>   |SALIDA1<20>    |   10.950|
ENTRADA2<13>   |SALIDA1<21>    |   10.658|
ENTRADA2<13>   |SALIDA1<22>    |    9.899|
ENTRADA2<13>   |SALIDA1<23>    |   10.432|
ENTRADA2<13>   |SALIDA1<24>    |    9.885|
ENTRADA2<13>   |SALIDA1<25>    |   10.292|
ENTRADA2<13>   |SALIDA1<26>    |   10.183|
ENTRADA2<13>   |SALIDA1<27>    |   11.095|
ENTRADA2<13>   |SALIDA1<28>    |    9.560|
ENTRADA2<13>   |SALIDA1<29>    |    9.651|
ENTRADA2<13>   |SALIDA1<30>    |    9.648|
ENTRADA2<13>   |SALIDA1<31>    |   10.085|
ENTRADA2<14>   |SALIDA1<14>    |    9.464|
ENTRADA2<14>   |SALIDA1<15>    |    9.489|
ENTRADA2<14>   |SALIDA1<16>    |   10.651|
ENTRADA2<14>   |SALIDA1<17>    |   10.740|
ENTRADA2<14>   |SALIDA1<18>    |   10.021|
ENTRADA2<14>   |SALIDA1<19>    |    9.728|
ENTRADA2<14>   |SALIDA1<20>    |   10.618|
ENTRADA2<14>   |SALIDA1<21>    |   10.326|
ENTRADA2<14>   |SALIDA1<22>    |    9.567|
ENTRADA2<14>   |SALIDA1<23>    |   10.100|
ENTRADA2<14>   |SALIDA1<24>    |    9.553|
ENTRADA2<14>   |SALIDA1<25>    |    9.960|
ENTRADA2<14>   |SALIDA1<26>    |    9.851|
ENTRADA2<14>   |SALIDA1<27>    |   10.763|
ENTRADA2<14>   |SALIDA1<28>    |    9.228|
ENTRADA2<14>   |SALIDA1<29>    |    9.319|
ENTRADA2<14>   |SALIDA1<30>    |    9.316|
ENTRADA2<14>   |SALIDA1<31>    |    9.753|
ENTRADA2<15>   |SALIDA1<15>    |    9.711|
ENTRADA2<15>   |SALIDA1<16>    |   11.122|
ENTRADA2<15>   |SALIDA1<17>    |   11.211|
ENTRADA2<15>   |SALIDA1<18>    |   10.492|
ENTRADA2<15>   |SALIDA1<19>    |   10.199|
ENTRADA2<15>   |SALIDA1<20>    |   11.089|
ENTRADA2<15>   |SALIDA1<21>    |   10.797|
ENTRADA2<15>   |SALIDA1<22>    |   10.038|
ENTRADA2<15>   |SALIDA1<23>    |   10.571|
ENTRADA2<15>   |SALIDA1<24>    |   10.024|
ENTRADA2<15>   |SALIDA1<25>    |   10.431|
ENTRADA2<15>   |SALIDA1<26>    |   10.322|
ENTRADA2<15>   |SALIDA1<27>    |   11.234|
ENTRADA2<15>   |SALIDA1<28>    |    9.699|
ENTRADA2<15>   |SALIDA1<29>    |    9.790|
ENTRADA2<15>   |SALIDA1<30>    |    9.787|
ENTRADA2<15>   |SALIDA1<31>    |   10.224|
ENTRADA2<16>   |SALIDA1<16>    |   10.114|
ENTRADA2<16>   |SALIDA1<17>    |   10.377|
ENTRADA2<16>   |SALIDA1<18>    |    9.930|
ENTRADA2<16>   |SALIDA1<19>    |    9.637|
ENTRADA2<16>   |SALIDA1<20>    |   10.527|
ENTRADA2<16>   |SALIDA1<21>    |   10.235|
ENTRADA2<16>   |SALIDA1<22>    |    9.476|
ENTRADA2<16>   |SALIDA1<23>    |   10.009|
ENTRADA2<16>   |SALIDA1<24>    |    9.462|
ENTRADA2<16>   |SALIDA1<25>    |    9.869|
ENTRADA2<16>   |SALIDA1<26>    |    9.760|
ENTRADA2<16>   |SALIDA1<27>    |   10.672|
ENTRADA2<16>   |SALIDA1<28>    |    9.137|
ENTRADA2<16>   |SALIDA1<29>    |    9.228|
ENTRADA2<16>   |SALIDA1<30>    |    9.225|
ENTRADA2<16>   |SALIDA1<31>    |    9.662|
ENTRADA2<17>   |SALIDA1<17>    |   10.087|
ENTRADA2<17>   |SALIDA1<18>    |    9.889|
ENTRADA2<17>   |SALIDA1<19>    |    9.596|
ENTRADA2<17>   |SALIDA1<20>    |   10.486|
ENTRADA2<17>   |SALIDA1<21>    |   10.194|
ENTRADA2<17>   |SALIDA1<22>    |    9.435|
ENTRADA2<17>   |SALIDA1<23>    |    9.968|
ENTRADA2<17>   |SALIDA1<24>    |    9.421|
ENTRADA2<17>   |SALIDA1<25>    |    9.828|
ENTRADA2<17>   |SALIDA1<26>    |    9.719|
ENTRADA2<17>   |SALIDA1<27>    |   10.631|
ENTRADA2<17>   |SALIDA1<28>    |    9.096|
ENTRADA2<17>   |SALIDA1<29>    |    9.187|
ENTRADA2<17>   |SALIDA1<30>    |    9.184|
ENTRADA2<17>   |SALIDA1<31>    |    9.621|
ENTRADA2<18>   |SALIDA1<18>    |    9.362|
ENTRADA2<18>   |SALIDA1<19>    |    9.243|
ENTRADA2<18>   |SALIDA1<20>    |   10.405|
ENTRADA2<18>   |SALIDA1<21>    |   10.113|
ENTRADA2<18>   |SALIDA1<22>    |    9.354|
ENTRADA2<18>   |SALIDA1<23>    |    9.887|
ENTRADA2<18>   |SALIDA1<24>    |    9.340|
ENTRADA2<18>   |SALIDA1<25>    |    9.747|
ENTRADA2<18>   |SALIDA1<26>    |    9.638|
ENTRADA2<18>   |SALIDA1<27>    |   10.550|
ENTRADA2<18>   |SALIDA1<28>    |    9.015|
ENTRADA2<18>   |SALIDA1<29>    |    9.106|
ENTRADA2<18>   |SALIDA1<30>    |    9.103|
ENTRADA2<18>   |SALIDA1<31>    |    9.540|
ENTRADA2<19>   |SALIDA1<19>    |    8.885|
ENTRADA2<19>   |SALIDA1<20>    |   10.296|
ENTRADA2<19>   |SALIDA1<21>    |   10.004|
ENTRADA2<19>   |SALIDA1<22>    |    9.245|
ENTRADA2<19>   |SALIDA1<23>    |    9.778|
ENTRADA2<19>   |SALIDA1<24>    |    9.231|
ENTRADA2<19>   |SALIDA1<25>    |    9.638|
ENTRADA2<19>   |SALIDA1<26>    |    9.529|
ENTRADA2<19>   |SALIDA1<27>    |   10.441|
ENTRADA2<19>   |SALIDA1<28>    |    8.906|
ENTRADA2<19>   |SALIDA1<29>    |    8.997|
ENTRADA2<19>   |SALIDA1<30>    |    8.994|
ENTRADA2<19>   |SALIDA1<31>    |    9.431|
ENTRADA2<20>   |SALIDA1<20>    |    9.950|
ENTRADA2<20>   |SALIDA1<21>    |    9.832|
ENTRADA2<20>   |SALIDA1<22>    |    9.345|
ENTRADA2<20>   |SALIDA1<23>    |    9.878|
ENTRADA2<20>   |SALIDA1<24>    |    9.331|
ENTRADA2<20>   |SALIDA1<25>    |    9.738|
ENTRADA2<20>   |SALIDA1<26>    |    9.629|
ENTRADA2<20>   |SALIDA1<27>    |   10.541|
ENTRADA2<20>   |SALIDA1<28>    |    9.006|
ENTRADA2<20>   |SALIDA1<29>    |    9.097|
ENTRADA2<20>   |SALIDA1<30>    |    9.094|
ENTRADA2<20>   |SALIDA1<31>    |    9.531|
ENTRADA2<21>   |SALIDA1<21>    |    9.347|
ENTRADA2<21>   |SALIDA1<22>    |    9.109|
ENTRADA2<21>   |SALIDA1<23>    |    9.642|
ENTRADA2<21>   |SALIDA1<24>    |    9.095|
ENTRADA2<21>   |SALIDA1<25>    |    9.502|
ENTRADA2<21>   |SALIDA1<26>    |    9.393|
ENTRADA2<21>   |SALIDA1<27>    |   10.305|
ENTRADA2<21>   |SALIDA1<28>    |    8.770|
ENTRADA2<21>   |SALIDA1<29>    |    8.861|
ENTRADA2<21>   |SALIDA1<30>    |    8.858|
ENTRADA2<21>   |SALIDA1<31>    |    9.295|
ENTRADA2<22>   |SALIDA1<22>    |    8.719|
ENTRADA2<22>   |SALIDA1<23>    |    9.426|
ENTRADA2<22>   |SALIDA1<24>    |    9.151|
ENTRADA2<22>   |SALIDA1<25>    |    9.558|
ENTRADA2<22>   |SALIDA1<26>    |    9.449|
ENTRADA2<22>   |SALIDA1<27>    |   10.361|
ENTRADA2<22>   |SALIDA1<28>    |    8.826|
ENTRADA2<22>   |SALIDA1<29>    |    8.917|
ENTRADA2<22>   |SALIDA1<30>    |    8.914|
ENTRADA2<22>   |SALIDA1<31>    |    9.351|
ENTRADA2<23>   |SALIDA1<23>    |    9.298|
ENTRADA2<23>   |SALIDA1<24>    |    9.272|
ENTRADA2<23>   |SALIDA1<25>    |    9.679|
ENTRADA2<23>   |SALIDA1<26>    |    9.570|
ENTRADA2<23>   |SALIDA1<27>    |   10.482|
ENTRADA2<23>   |SALIDA1<28>    |    8.947|
ENTRADA2<23>   |SALIDA1<29>    |    9.038|
ENTRADA2<23>   |SALIDA1<30>    |    9.035|
ENTRADA2<23>   |SALIDA1<31>    |    9.472|
ENTRADA2<24>   |SALIDA1<24>    |    8.984|
ENTRADA2<24>   |SALIDA1<25>    |    9.565|
ENTRADA2<24>   |SALIDA1<26>    |    9.728|
ENTRADA2<24>   |SALIDA1<27>    |   10.640|
ENTRADA2<24>   |SALIDA1<28>    |    9.105|
ENTRADA2<24>   |SALIDA1<29>    |    9.196|
ENTRADA2<24>   |SALIDA1<30>    |    9.193|
ENTRADA2<24>   |SALIDA1<31>    |    9.630|
ENTRADA2<25>   |SALIDA1<25>    |    9.362|
ENTRADA2<25>   |SALIDA1<26>    |    9.774|
ENTRADA2<25>   |SALIDA1<27>    |   10.686|
ENTRADA2<25>   |SALIDA1<28>    |    9.151|
ENTRADA2<25>   |SALIDA1<29>    |    9.242|
ENTRADA2<25>   |SALIDA1<30>    |    9.239|
ENTRADA2<25>   |SALIDA1<31>    |    9.676|
ENTRADA2<26>   |SALIDA1<26>    |    9.351|
ENTRADA2<26>   |SALIDA1<27>    |   10.437|
ENTRADA2<26>   |SALIDA1<28>    |    9.174|
ENTRADA2<26>   |SALIDA1<29>    |    9.265|
ENTRADA2<26>   |SALIDA1<30>    |    9.262|
ENTRADA2<26>   |SALIDA1<31>    |    9.699|
ENTRADA2<27>   |SALIDA1<27>    |   10.257|
ENTRADA2<27>   |SALIDA1<28>    |    9.243|
ENTRADA2<27>   |SALIDA1<29>    |    9.334|
ENTRADA2<27>   |SALIDA1<30>    |    9.331|
ENTRADA2<27>   |SALIDA1<31>    |    9.768|
ENTRADA2<28>   |SALIDA1<28>    |    8.783|
ENTRADA2<28>   |SALIDA1<29>    |    9.048|
ENTRADA2<28>   |SALIDA1<30>    |    9.317|
ENTRADA2<28>   |SALIDA1<31>    |    9.754|
ENTRADA2<29>   |SALIDA1<29>    |    8.637|
ENTRADA2<29>   |SALIDA1<30>    |    9.155|
ENTRADA2<29>   |SALIDA1<31>    |    9.592|
ENTRADA2<30>   |SALIDA1<30>    |    8.667|
ENTRADA2<30>   |SALIDA1<31>    |    9.278|
ENTRADA2<31>   |SALIDA1<31>    |    8.882|
---------------+---------------+---------+


Analysis completed Tue Apr 19 19:52:36 2016 
--------------------------------------------------------------------------------

Trace Settings:
-------------------------
Trace Settings 

Peak Memory Usage: 164 MB



